// Jest Snapshot v1, https://goo.gl/fbAQLP

exports[`<Card.Text /> Snapshot tests should render correctly 1`] = `
<p
  className="card-text"
>
  content
</p>
`;
