// Jest Snapshot v1, https://goo.gl/fbAQLP

exports[`<Document /> Snapshot tests should render correctly 1`] = `"content"`;
