// Jest Snapshot v1, https://goo.gl/fbAQLP

exports[`<Card.Column /> Snapshot tests should render correctly 1`] = `
<div
  className="card-columns"
>
  content
</div>
`;
