// Jest Snapshot v1, https://goo.gl/fbAQLP

exports[`<Head /> Snapshot tests should render correctly 1`] = `null`;
