// Jest Snapshot v1, https://goo.gl/fbAQLP

exports[`<Form.Group /> Snapshot tests should render correctly 1`] = `
<div
  className="form-group"
>
  <div>
    Form controls
  </div>
</div>
`;
