// Jest Snapshot v1, https://goo.gl/fbAQLP

exports[`<Column /> Snapshot tests should render correctly 1`] = `
<div
  className="col"
>
  <div>
    Content
  </div>
</div>
`;
