// Jest Snapshot v1, https://goo.gl/fbAQLP

exports[`<Alert /> Snapshot tests should render correctly 1`] = `
<div
  className="alert alert-danger"
>
  content
  <button
    aria-label="Close"
    className="close"
    onClick={[Function]}
    type="button"
  >
    <span
      aria-hidden="true"
    >
      Ã—
    </span>
  </button>
</div>
`;
