// Jest Snapshot v1, https://goo.gl/fbAQLP

exports[`<Footer /> Snapshot tests should render correctly 1`] = `
<footer
  className="sc-bwzfXH cNWnVm"
>
  <div
    className="container"
  >
    <div
      className="row"
    >
      <div
        className="col"
      >
        <ul
          className="sc-bxivhb hpIYpU"
        >
          <li
            className="sc-ifAKCX kQYkju"
          >
            <a
              aria-current="page"
              className="sc-EHOje hlRBmM sc-bdVaJa hYPwXj active"
              data-light={true}
              href="/"
              onClick={[Function]}
              style={Object {}}
            >
              Currency Converter
            </a>
          </li>
          <li
            className="sc-ifAKCX kQYkju"
          >
            <a
              aria-current={null}
              className="sc-EHOje hlRBmM sc-bdVaJa hYPwXj"
              data-light={true}
              href="/about"
              onClick={[Function]}
            >
              About
            </a>
          </li>
          <li
            className="sc-ifAKCX kQYkju"
          >
            <a
              aria-current={null}
              className="sc-EHOje hlRBmM sc-bdVaJa hYPwXj"
              data-light={true}
              href="/terms"
              onClick={[Function]}
            >
              Terms
            </a>
          </li>
          <li
            className="sc-ifAKCX kQYkju"
          >
            <a
              className="sc-bZQynM htyeqS"
              href="https://tsuuka.netlify.com"
              rel="noopener noreferrer"
              target="_blank"
            >
              Storybook
            </a>
          </li>
          <li
            className="sc-ifAKCX kQYkju"
          >
            <a
              className="sc-bZQynM htyeqS"
              href="https://github.com/rxseven/tsuuka"
              rel="noopener noreferrer"
              target="_blank"
            >
              GitHub
            </a>
          </li>
        </ul>
        <div
          className="sc-htpNat ccJztr"
        >
          <p
            className="sc-gzVnrw cacXWT"
          >
            Designed & built with all the love in React.
          </p>
          <p
            className="sc-gzVnrw cacXWT"
          >
            Copyright Â© 2019 Theerawat Pongsupawat.
          </p>
        </div>
      </div>
    </div>
  </div>
</footer>
`;
