// Jest Snapshot v1, https://goo.gl/fbAQLP

exports[`<Wrapper /> Snapshot tests should render correctly 1`] = `
<div
  className="sc-bdVaJa jaytjN"
>
  content
</div>
`;
