// Jest Snapshot v1, https://goo.gl/fbAQLP

exports[`<Brand /> Snapshot tests should render correctly 1`] = `
<a
  className="sc-bdVaJa gRJttW"
  href="/"
  onClick={[Function]}
  title="Currency Converter"
>
  通貨換算ツール
</a>
`;
