// Jest Snapshot v1, https://goo.gl/fbAQLP

exports[`<Card.Footer /> Snapshot tests should render correctly 1`] = `
<div
  className="card-footer text-muted"
>
  content
</div>
`;
