// Jest Snapshot v1, https://goo.gl/fbAQLP

exports[`<Input /> Snapshot tests should render correctly 1`] = `
<input
  className="form-control"
  onChange={[MockFunction]}
  type="text"
  value=""
/>
`;
