// Jest Snapshot v1, https://goo.gl/fbAQLP

exports[`<Label /> Snapshot tests should render correctly 1`] = `
<label
  className="sc-bdVaJa dekHzo"
  htmlFor="username"
>
  content
</label>
`;
