// Jest Snapshot v1, https://goo.gl/fbAQLP

exports[`<Button.Set /> Snapshot tests should render correctly 1`] = `
<div
  className="sc-bdVaJa fYgCuF"
>
  <button
    type="button"
  >
    Button
  </button>
  <button
    type="button"
  >
    Button
  </button>
</div>
`;
