// Jest Snapshot v1, https://goo.gl/fbAQLP

exports[`withContext HOC Snapshot tests should render correctly 1`] = `<withContext />`;
