// Jest Snapshot v1, https://goo.gl/fbAQLP

exports[`<Row /> Snapshot tests should render correctly 1`] = `
<div
  className="row"
>
  <div>
    Content
  </div>
</div>
`;
