// Jest Snapshot v1, https://goo.gl/fbAQLP

exports[`<Card.Body /> Snapshot tests should render correctly 1`] = `
<div
  className="card-body"
>
  content
</div>
`;
