// Jest Snapshot v1, https://goo.gl/fbAQLP

exports[`<Form /> Snapshot tests should render correctly 1`] = `
<form
  className=""
>
  <div>
    Form controls
  </div>
</form>
`;
