// Jest Snapshot v1, https://goo.gl/fbAQLP

exports[`<Currency.Control /> Snapshot tests should render correctly 1`] = `
<div
  className="row"
>
  <div
    className="col-md-6"
  >
    <fieldset
      className="sc-gzVnrw cZywgI"
    >
      <div
        className="form-group"
      >
        <label
          className="sc-bdVaJa eOvgbZ"
          htmlFor="combobox-from"
        >
          Currency I have
        </label>
        <div
          aria-expanded={false}
          aria-haspopup="listbox"
          aria-owns="react-autowhatever-combobox-base"
          className="react-autosuggest__container"
          role="combobox"
        >
          <div
            className="sc-bwzfXH ghuPdm"
          >
            <input
              aria-activedescendant={null}
              aria-autocomplete="list"
              aria-controls="react-autowhatever-combobox-base"
              autoComplete="off"
              className="form-control"
              id="combobox-base"
              onBlur={[Function]}
              onChange={[Function]}
              onFocus={[Function]}
              onKeyDown={[Function]}
              placeholder="Enter currency"
              type="text"
              value="United States Dollar"
            />
            <svg
              aria-hidden="true"
              className="svg-inline--fa fa-times-circle fa-w-16 sc-htpNat kLyKcn"
              data-icon="times-circle"
              data-prefix="fas"
              focusable="false"
              onClick={[Function]}
              role="img"
              style={Object {}}
              viewBox="0 0 512 512"
              visibility="United States Dollar"
              xmlns="http://www.w3.org/2000/svg"
            >
              <path
                d="M256 8C119 8 8 119 8 256s111 248 248 248 248-111 248-248S393 8 256 8zm121.6 313.1c4.7 4.7 4.7 12.3 0 17L338 377.6c-4.7 4.7-12.3 4.7-17 0L256 312l-65.1 65.6c-4.7 4.7-12.3 4.7-17 0L134.4 338c-4.7-4.7-4.7-12.3 0-17l65.6-65-65.6-65.1c-4.7-4.7-4.7-12.3 0-17l39.6-39.6c4.7-4.7 12.3-4.7 17 0l65 65.7 65.1-65.6c4.7-4.7 12.3-4.7 17 0l39.6 39.6c4.7 4.7 4.7 12.3 0 17L312 256l65.6 65.1z"
                fill="currentColor"
                style={Object {}}
              />
            </svg>
          </div>
          <div
            className="react-autosuggest__suggestions-container"
            id="react-autowhatever-combobox-base"
            role="listbox"
          />
        </div>
      </div>
      <div
        className="form-group"
      >
        <label
          className="sc-bdVaJa eOvgbZ"
          htmlFor="input-base"
        >
          I have this much to exchange
        </label>
        <input
          className="form-control"
          name="input-base"
          onChange={[Function]}
          placeholder="Amount"
          type="text"
          value={100}
        />
      </div>
    </fieldset>
  </div>
  <div
    className="sc-htoDjs cSitJf"
  >
    <div
      className="sc-gZMcBi bEfcsw"
    >
      <svg
        aria-labelledby="svg-inline--fa-title-Bs4REF0LDroH"
        className="svg-inline--fa fa-retweet fa-w-20 sc-dnqmqq hLJzAU"
        data-icon="retweet"
        data-prefix="fas"
        onClick={[MockFunction]}
        role="img"
        style={Object {}}
        viewBox="0 0 640 512"
        xmlns="http://www.w3.org/2000/svg"
      >
        <title
          id="svg-inline--fa-title-Bs4REF0LDroH"
          style={Object {}}
        >
          Flip currency
        </title>
        <path
          d="M629.657 343.598L528.971 444.284c-9.373 9.372-24.568 9.372-33.941 0L394.343 343.598c-9.373-9.373-9.373-24.569 0-33.941l10.823-10.823c9.562-9.562 25.133-9.34 34.419.492L480 342.118V160H292.451a24.005 24.005 0 0 1-16.971-7.029l-16-16C244.361 121.851 255.069 96 276.451 96H520c13.255 0 24 10.745 24 24v222.118l40.416-42.792c9.285-9.831 24.856-10.054 34.419-.492l10.823 10.823c9.372 9.372 9.372 24.569-.001 33.941zm-265.138 15.431A23.999 23.999 0 0 0 347.548 352H160V169.881l40.416 42.792c9.286 9.831 24.856 10.054 34.419.491l10.822-10.822c9.373-9.373 9.373-24.569 0-33.941L144.971 67.716c-9.373-9.373-24.569-9.373-33.941 0L10.343 168.402c-9.373 9.373-9.373 24.569 0 33.941l10.822 10.822c9.562 9.562 25.133 9.34 34.419-.491L96 169.881V392c0 13.255 10.745 24 24 24h243.549c21.382 0 32.09-25.851 16.971-40.971l-16.001-16z"
          fill="currentColor"
          style={Object {}}
        />
      </svg>
    </div>
  </div>
  <div
    className="col-md-6"
  >
    <fieldset
      className="sc-iwsKbI CkFnx"
    >
      <div
        className="form-group"
      >
        <label
          className="sc-bdVaJa eOvgbZ"
          htmlFor="combobox-to"
        >
          Currency I want
        </label>
        <div
          aria-expanded={false}
          aria-haspopup="listbox"
          aria-owns="react-autowhatever-combobox-target"
          className="react-autosuggest__container"
          role="combobox"
        >
          <div
            className="sc-bwzfXH ghuPdm"
          >
            <input
              aria-activedescendant={null}
              aria-autocomplete="list"
              aria-controls="react-autowhatever-combobox-target"
              autoComplete="off"
              className="form-control"
              id="combobox-target"
              onBlur={[Function]}
              onChange={[Function]}
              onFocus={[Function]}
              onKeyDown={[Function]}
              placeholder="Enter currency"
              type="text"
              value=""
            />
            <svg
              aria-hidden="true"
              className="svg-inline--fa fa-times-circle fa-w-16 sc-htpNat fTQKpC"
              data-icon="times-circle"
              data-prefix="fas"
              focusable="false"
              onClick={[Function]}
              role="img"
              style={Object {}}
              viewBox="0 0 512 512"
              visibility=""
              xmlns="http://www.w3.org/2000/svg"
            >
              <path
                d="M256 8C119 8 8 119 8 256s111 248 248 248 248-111 248-248S393 8 256 8zm121.6 313.1c4.7 4.7 4.7 12.3 0 17L338 377.6c-4.7 4.7-12.3 4.7-17 0L256 312l-65.1 65.6c-4.7 4.7-12.3 4.7-17 0L134.4 338c-4.7-4.7-4.7-12.3 0-17l65.6-65-65.6-65.1c-4.7-4.7-4.7-12.3 0-17l39.6-39.6c4.7-4.7 12.3-4.7 17 0l65 65.7 65.1-65.6c4.7-4.7 12.3-4.7 17 0l39.6 39.6c4.7 4.7 4.7 12.3 0 17L312 256l65.6 65.1z"
                fill="currentColor"
                style={Object {}}
              />
            </svg>
          </div>
          <div
            className="react-autosuggest__suggestions-container"
            id="react-autowhatever-combobox-target"
            role="listbox"
          />
        </div>
      </div>
      <div
        className="form-group"
      >
        <label
          className="sc-bdVaJa eOvgbZ"
          htmlFor="input-target"
        >
          I want to buy something at this price
        </label>
        <input
          className="form-control"
          disabled={false}
          name="input-target"
          onChange={[Function]}
          placeholder="Amount"
          type="text"
          value="87.892"
        />
      </div>
    </fieldset>
  </div>
</div>
`;
