// Jest Snapshot v1, https://goo.gl/fbAQLP

exports[`<Loader /> Snapshot tests should render correctly 1`] = `null`;
