// Jest Snapshot v1, https://goo.gl/fbAQLP

exports[`<Global /> Snapshot tests should render correctly 1`] = `
<div>
  Content
</div>
`;
