// Jest Snapshot v1, https://goo.gl/fbAQLP

exports[`withLoadable HOC Snapshot tests should render correctly 1`] = `<withLoadable />`;
