// Jest Snapshot v1, https://goo.gl/fbAQLP

exports[`<Terms /> Snapshot tests should render correctly 1`] = `
<div
  className="row justify-content-sm-center"
>
  <div
    className="col-md-10 col-lg-8"
  >
    <div
      className="card text-text-left mb-3"
    >
      <div
        className="card-body"
      >
        <h5
          className="card-title"
        >
          Terms and Conditions of Use
        </h5>
        <p
          className="card-text"
        >
          Lorem Ipsum is simply dummy text of the printing and typesetting industry. Lorem Ipsum has been the industryâ€™s standard dummy text ever since the 1500s, when an unknown printer took a galley of type and scrambled it to make a type specimen book. It has survived not only five centuries, but also the leap into electronic typesetting, remaining essentially unchanged. It was popularised in the 1960s with the release of Letraset sheets containing Lorem Ipsum passages, and more recently with desktop publishing software like Aldus PageMaker including versions of Lorem Ipsum.
        </p>
      </div>
    </div>
  </div>
</div>
`;
