// Jest Snapshot v1, https://goo.gl/fbAQLP

exports[`<Card.Deck /> Snapshot tests should render correctly 1`] = `
<div
  className="card-deck"
>
  content
</div>
`;
