// Jest Snapshot v1, https://goo.gl/fbAQLP

exports[`<Body /> Snapshot tests should render correctly 1`] = `
<div
  className="sc-bdVaJa odROB"
>
  <div>
    Content
  </div>
</div>
`;
