// Jest Snapshot v1, https://goo.gl/fbAQLP

exports[`<Main /> Snapshot tests should render correctly 1`] = `
<main
  className="sc-bdVaJa gFhbTF"
>
  <div
    className="container"
  >
    <div
      className="row"
    >
      <div
        className="col"
      >
        content
      </div>
    </div>
  </div>
</main>
`;
