// Jest Snapshot v1, https://goo.gl/fbAQLP

exports[`<Home /> Snapshot tests should render correctly 1`] = `
<div
  className="row justify-content-sm-center"
>
  <div
    className="col"
  >
    <h2>
      Home screen
    </h2>
  </div>
</div>
`;
