// Jest Snapshot v1, https://goo.gl/fbAQLP

exports[`<Container /> Snapshot tests should render correctly 1`] = `
<div
  className="container"
>
  <div>
    Content
  </div>
</div>
`;
