// Jest Snapshot v1, https://goo.gl/fbAQLP

exports[`<Card.Header /> Snapshot tests should render correctly 1`] = `
<div
  className="card-header"
>
  content
</div>
`;
